    Checking smallvec v1.15.1
    Checking parking_lot_core v0.9.12
    Checking icu_normalizer v2.1.1
    Checking parking_lot v0.12.5
    Checking idna_adapter v1.2.1
    Checking tokio v1.48.0
    Checking idna v1.1.0
    Checking url v2.5.7
    Checking tungstenite v0.20.1
    Checking tokio-util v0.7.17
    Checking tower v0.4.13
    Checking tokio-tungstenite v0.20.1
    Checking trust-dns-proto v0.21.2
    Checking hyper v0.14.32
    Checking tokio-stream v0.1.17
    Checking tokio-rustls v0.24.1
    Checking trust-dns-resolver v0.21.2
    Checking axum v0.6.20
    Checking mongodb v2.8.2
    Checking async-graphql-axum v6.0.11
    Checking products_service v0.1.0 (C:\Users\Lenovo\Documents\dev\products_microservice)
warning: unused variable: `id`
  --> src\domain\entity\product_entity.rs:16:16
   |
16 |     pub fn new(id: String, name: String, price: f64, stock: i32, category: String) -> Self {
   |                ^^ help: if this is intentional, prefix it with an underscore: `_id`
   |
   = note: `#[warn(unused_variables)]` (part of `#[warn(unused)]`) on by default

warning: `products_service` (lib) generated 1 warning (run `cargo fix --lib -p products_service` to apply 1 suggestion)
    Finished `dev` profile [unoptimized + debuginfo] target(s) in 17.07s
